Archive member included to satisfy reference by file (symbol)

c:/st/stm32cubeide_1.6.1/stm32cubeide/plugins/com.st.stm32cube.ide.mcu.externaltools.gnu-tools-for-stm32.9-2020-q2-update.win32_1.5.0.202011040924/tools/bin/../lib/gcc/arm-none-eabi/9.3.1/../../../../arm-none-eabi/lib/thumb/v7e-m+dp/hard\libc_nano.a(lib_a-errno.o)
                              Core/Src/syscalls.o (__errno)
c:/st/stm32cubeide_1.6.1/stm32cubeide/plugins/com.st.stm32cube.ide.mcu.externaltools.gnu-tools-for-stm32.9-2020-q2-update.win32_1.5.0.202011040924/tools/bin/../lib/gcc/arm-none-eabi/9.3.1/../../../../arm-none-eabi/lib/thumb/v7e-m+dp/hard\libc_nano.a(lib_a-exit.o)
                              c:/st/stm32cubeide_1.6.1/stm32cubeide/plugins/com.st.stm32cube.ide.mcu.externaltools.gnu-tools-for-stm32.9-2020-q2-update.win32_1.5.0.202011040924/tools/bin/../lib/gcc/arm-none-eabi/9.3.1/../../../../arm-none-eabi/lib/thumb/v7e-m+dp/hard/crt0.o (exit)
c:/st/stm32cubeide_1.6.1/stm32cubeide/plugins/com.st.stm32cube.ide.mcu.externaltools.gnu-tools-for-stm32.9-2020-q2-update.win32_1.5.0.202011040924/tools/bin/../lib/gcc/arm-none-eabi/9.3.1/../../../../arm-none-eabi/lib/thumb/v7e-m+dp/hard\libc_nano.a(lib_a-impure.o)
                              c:/st/stm32cubeide_1.6.1/stm32cubeide/plugins/com.st.stm32cube.ide.mcu.externaltools.gnu-tools-for-stm32.9-2020-q2-update.win32_1.5.0.202011040924/tools/bin/../lib/gcc/arm-none-eabi/9.3.1/../../../../arm-none-eabi/lib/thumb/v7e-m+dp/hard\libc_nano.a(lib_a-exit.o) (_global_impure_ptr)
c:/st/stm32cubeide_1.6.1/stm32cubeide/plugins/com.st.stm32cube.ide.mcu.externaltools.gnu-tools-for-stm32.9-2020-q2-update.win32_1.5.0.202011040924/tools/bin/../lib/gcc/arm-none-eabi/9.3.1/../../../../arm-none-eabi/lib/thumb/v7e-m+dp/hard\libc_nano.a(lib_a-init.o)
                              c:/st/stm32cubeide_1.6.1/stm32cubeide/plugins/com.st.stm32cube.ide.mcu.externaltools.gnu-tools-for-stm32.9-2020-q2-update.win32_1.5.0.202011040924/tools/bin/../lib/gcc/arm-none-eabi/9.3.1/../../../../arm-none-eabi/lib/thumb/v7e-m+dp/hard/crt0.o (__libc_init_array)
c:/st/stm32cubeide_1.6.1/stm32cubeide/plugins/com.st.stm32cube.ide.mcu.externaltools.gnu-tools-for-stm32.9-2020-q2-update.win32_1.5.0.202011040924/tools/bin/../lib/gcc/arm-none-eabi/9.3.1/../../../../arm-none-eabi/lib/thumb/v7e-m+dp/hard\libc_nano.a(lib_a-memset.o)
                              c:/st/stm32cubeide_1.6.1/stm32cubeide/plugins/com.st.stm32cube.ide.mcu.externaltools.gnu-tools-for-stm32.9-2020-q2-update.win32_1.5.0.202011040924/tools/bin/../lib/gcc/arm-none-eabi/9.3.1/../../../../arm-none-eabi/lib/thumb/v7e-m+dp/hard/crt0.o (memset)

Allocating common symbols
Common symbol       size              file

hi2c4               0x4c              Core/Src/ina.o
uwTick              0x4               Drivers/STM32H7xx_HAL_Driver/Src/stm32h7xx_hal.o
pFlash              0x1c              Drivers/STM32H7xx_HAL_Driver/Src/stm32h7xx_hal_flash.o
buf                 0xc               Core/Src/ina.o
ret                 0x1               Core/Src/ina.o

Discarded input sections

 .text          0x0000000000000000        0x0 c:/st/stm32cubeide_1.6.1/stm32cubeide/plugins/com.st.stm32cube.ide.mcu.externaltools.gnu-tools-for-stm32.9-2020-q2-update.win32_1.5.0.202011040924/tools/bin/../lib/gcc/arm-none-eabi/9.3.1/thumb/v7e-m+dp/hard/crti.o
 .data          0x0000000000000000        0x0 c:/st/stm32cubeide_1.6.1/stm32cubeide/plugins/com.st.stm32cube.ide.mcu.externaltools.gnu-tools-for-stm32.9-2020-q2-update.win32_1.5.0.202011040924/tools/bin/../lib/gcc/arm-none-eabi/9.3.1/thumb/v7e-m+dp/hard/crti.o
 .bss           0x0000000000000000        0x0 c:/st/stm32cubeide_1.6.1/stm32cubeide/plugins/com.st.stm32cube.ide.mcu.externaltools.gnu-tools-for-stm32.9-2020-q2-update.win32_1.5.0.202011040924/tools/bin/../lib/gcc/arm-none-eabi/9.3.1/thumb/v7e-m+dp/hard/crti.o
 .data          0x0000000000000000        0x4 c:/st/stm32cubeide_1.6.1/stm32cubeide/plugins/com.st.stm32cube.ide.mcu.externaltools.gnu-tools-for-stm32.9-2020-q2-update.win32_1.5.0.202011040924/tools/bin/../lib/gcc/arm-none-eabi/9.3.1/thumb/v7e-m+dp/hard/crtbegin.o
 .text          0x0000000000000000       0x7c c:/st/stm32cubeide_1.6.1/stm32cubeide/plugins/com.st.stm32cube.ide.mcu.externaltools.gnu-tools-for-stm32.9-2020-q2-update.win32_1.5.0.202011040924/tools/bin/../lib/gcc/arm-none-eabi/9.3.1/../../../../arm-none-eabi/lib/thumb/v7e-m+dp/hard/crt0.o
 .data          0x0000000000000000        0x0 c:/st/stm32cubeide_1.6.1/stm32cubeide/plugins/com.st.stm32cube.ide.mcu.externaltools.gnu-tools-for-stm32.9-2020-q2-update.win32_1.5.0.202011040924/tools/bin/../lib/gcc/arm-none-eabi/9.3.1/../../../../arm-none-eabi/lib/thumb/v7e-m+dp/hard/crt0.o
 .bss           0x0000000000000000        0x0 c:/st/stm32cubeide_1.6.1/stm32cubeide/plugins/com.st.stm32cube.ide.mcu.externaltools.gnu-tools-for-stm32.9-2020-q2-update.win32_1.5.0.202011040924/tools/bin/../lib/gcc/arm-none-eabi/9.3.1/../../../../arm-none-eabi/lib/thumb/v7e-m+dp/hard/crt0.o
[...]
Memory Configuration

Name             Origin             Length             Attributes
ITCMRAM          0x0000000000000000 0x0000000000010000 xrw
RAM              0x0000000020000000 0x0000000000020000 xrw
FLASH            0x0000000008000000 0x0000000000100000 xr
RAM_D1           0x0000000024000000 0x0000000000050000 xrw
RAM_D2           0x0000000030000000 0x0000000000008000 xrw
RAM_D3           0x0000000038000000 0x0000000000004000 xrw
*default*        0x0000000000000000 0xffffffffffffffff

Linker script and memory map

LOAD c:/st/stm32cubeide_1.6.1/stm32cubeide/plugins/com.st.stm32cube.ide.mcu.externaltools.gnu-tools-for-stm32.9-2020-q2-update.win32_1.5.0.202011040924/tools/bin/../lib/gcc/arm-none-eabi/9.3.1/thumb/v7e-m+dp/hard/crti.o
LOAD c:/st/stm32cubeide_1.6.1/stm32cubeide/plugins/com.st.stm32cube.ide.mcu.externaltools.gnu-tools-for-stm32.9-2020-q2-update.win32_1.5.0.202011040924/tools/bin/../lib/gcc/arm-none-eabi/9.3.1/thumb/v7e-m+dp/hard/crtbegin.o
LOAD c:/st/stm32cubeide_1.6.1/stm32cubeide/plugins/com.st.stm32cube.ide.mcu.externaltools.gnu-tools-for-stm32.9-2020-q2-update.win32_1.5.0.202011040924/tools/bin/../lib/gcc/arm-none-eabi/9.3.1/../../../../arm-none-eabi/lib/thumb/v7e-m+dp/hard/crt0.o
LOAD Core/Src/ina.o
LOAD Core/Src/main.o
LOAD Core/Src/stm32h7xx_hal_msp.o
LOAD Core/Src/stm32h7xx_it.o
LOAD Core/Src/syscalls.o
LOAD Core/Src/sysmem.o
LOAD Core/Src/system_stm32h7xx.o
LOAD Core/Startup/startup_stm32h735igkx.o
LOAD Drivers/STM32H7xx_HAL_Driver/Src/stm32h7xx_hal.o
LOAD Drivers/STM32H7xx_HAL_Driver/Src/stm32h7xx_hal_cortex.o
LOAD Drivers/STM32H7xx_HAL_Driver/Src/stm32h7xx_hal_dma.o
LOAD Drivers/STM32H7xx_HAL_Driver/Src/stm32h7xx_hal_dma_ex.o
LOAD Drivers/STM32H7xx_HAL_Driver/Src/stm32h7xx_hal_exti.o
LOAD Drivers/STM32H7xx_HAL_Driver/Src/stm32h7xx_hal_flash.o
LOAD Drivers/STM32H7xx_HAL_Driver/Src/stm32h7xx_hal_flash_ex.o
LOAD Drivers/STM32H7xx_HAL_Driver/Src/stm32h7xx_hal_gpio.o
LOAD Drivers/STM32H7xx_HAL_Driver/Src/stm32h7xx_hal_hsem.o
LOAD Drivers/STM32H7xx_HAL_Driver/Src/stm32h7xx_hal_i2c.o
LOAD Drivers/STM32H7xx_HAL_Driver/Src/stm32h7xx_hal_i2c_ex.o
LOAD Drivers/STM32H7xx_HAL_Driver/Src/stm32h7xx_hal_mdma.o
LOAD Drivers/STM32H7xx_HAL_Driver/Src/stm32h7xx_hal_pwr.o
LOAD Drivers/STM32H7xx_HAL_Driver/Src/stm32h7xx_hal_pwr_ex.o
LOAD Drivers/STM32H7xx_HAL_Driver/Src/stm32h7xx_hal_rcc.o
LOAD Drivers/STM32H7xx_HAL_Driver/Src/stm32h7xx_hal_rcc_ex.o
LOAD Drivers/STM32H7xx_HAL_Driver/Src/stm32h7xx_hal_tim.o
LOAD Drivers/STM32H7xx_HAL_Driver/Src/stm32h7xx_hal_tim_ex.o
START GROUP
LOAD c:/st/stm32cubeide_1.6.1/stm32cubeide/plugins/com.st.stm32cube.ide.mcu.externaltools.gnu-tools-for-stm32.9-2020-q2-update.win32_1.5.0.202011040924/tools/bin/../lib/gcc/arm-none-eabi/9.3.1/../../../../arm-none-eabi/lib/thumb/v7e-m+dp/hard\libc_nano.a
LOAD c:/st/stm32cubeide_1.6.1/stm32cubeide/plugins/com.st.stm32cube.ide.mcu.externaltools.gnu-tools-for-stm32.9-2020-q2-update.win32_1.5.0.202011040924/tools/bin/../lib/gcc/arm-none-eabi/9.3.1/../../../../arm-none-eabi/lib/thumb/v7e-m+dp/hard\libm.a
END GROUP
START GROUP
LOAD c:/st/stm32cubeide_1.6.1/stm32cubeide/plugins/com.st.stm32cube.ide.mcu.externaltools.gnu-tools-for-stm32.9-2020-q2-update.win32_1.5.0.202011040924/tools/bin/../lib/gcc/arm-none-eabi/9.3.1/thumb/v7e-m+dp/hard\libgcc.a
LOAD c:/st/stm32cubeide_1.6.1/stm32cubeide/plugins/com.st.stm32cube.ide.mcu.externaltools.gnu-tools-for-stm32.9-2020-q2-update.win32_1.5.0.202011040924/tools/bin/../lib/gcc/arm-none-eabi/9.3.1/../../../../arm-none-eabi/lib/thumb/v7e-m+dp/hard\libc_nano.a
END GROUP
START GROUP
LOAD c:/st/stm32cubeide_1.6.1/stm32cubeide/plugins/com.st.stm32cube.ide.mcu.externaltools.gnu-tools-for-stm32.9-2020-q2-update.win32_1.5.0.202011040924/tools/bin/../lib/gcc/arm-none-eabi/9.3.1/thumb/v7e-m+dp/hard\libgcc.a
LOAD c:/st/stm32cubeide_1.6.1/stm32cubeide/plugins/com.st.stm32cube.ide.mcu.externaltools.gnu-tools-for-stm32.9-2020-q2-update.win32_1.5.0.202011040924/tools/bin/../lib/gcc/arm-none-eabi/9.3.1/../../../../arm-none-eabi/lib/thumb/v7e-m+dp/hard\libc_nano.a
LOAD c:/st/stm32cubeide_1.6.1/stm32cubeide/plugins/com.st.stm32cube.ide.mcu.externaltools.gnu-tools-for-stm32.9-2020-q2-update.win32_1.5.0.202011040924/tools/bin/../lib/gcc/arm-none-eabi/9.3.1/../../../../arm-none-eabi/lib/thumb/v7e-m+dp/hard\libnosys.a
END GROUP
START GROUP
LOAD c:/st/stm32cubeide_1.6.1/stm32cubeide/plugins/com.st.stm32cube.ide.mcu.externaltools.gnu-tools-for-stm32.9-2020-q2-update.win32_1.5.0.202011040924/tools/bin/../lib/gcc/arm-none-eabi/9.3.1/thumb/v7e-m+dp/hard\libgcc.a
LOAD c:/st/stm32cubeide_1.6.1/stm32cubeide/plugins/com.st.stm32cube.ide.mcu.externaltools.gnu-tools-for-stm32.9-2020-q2-update.win32_1.5.0.202011040924/tools/bin/../lib/gcc/arm-none-eabi/9.3.1/../../../../arm-none-eabi/lib/thumb/v7e-m+dp/hard\libc_nano.a
LOAD c:/st/stm32cubeide_1.6.1/stm32cubeide/plugins/com.st.stm32cube.ide.mcu.externaltools.gnu-tools-for-stm32.9-2020-q2-update.win32_1.5.0.202011040924/tools/bin/../lib/gcc/arm-none-eabi/9.3.1/../../../../arm-none-eabi/lib/thumb/v7e-m+dp/hard\libnosys.a
END GROUP
LOAD c:/st/stm32cubeide_1.6.1/stm32cubeide/plugins/com.st.stm32cube.ide.mcu.externaltools.gnu-tools-for-stm32.9-2020-q2-update.win32_1.5.0.202011040924/tools/bin/../lib/gcc/arm-none-eabi/9.3.1/thumb/v7e-m+dp/hard/crtend.o
LOAD c:/st/stm32cubeide_1.6.1/stm32cubeide/plugins/com.st.stm32cube.ide.mcu.externaltools.gnu-tools-for-stm32.9-2020-q2-update.win32_1.5.0.202011040924/tools/bin/../lib/gcc/arm-none-eabi/9.3.1/thumb/v7e-m+dp/hard/crtn.o
                0x0000000020020000                _estack = 0x20020000
                0x0000000000000200                _Min_Heap_Size = 0x200
                0x0000000000000400                _Min_Stack_Size = 0x400

.isr_vector     0x0000000008000000      0x2cc
                0x0000000008000000                . = ALIGN (0x4)
 *(.isr_vector)
 .isr_vector    0x0000000008000000      0x2cc Core/Startup/startup_stm32h735igkx.o
                0x0000000008000000                g_pfnVectors
                0x00000000080002cc                . = ALIGN (0x4)

.text           0x00000000080002cc     0x3248
                0x00000000080002cc                . = ALIGN (0x4)
 *(.text)
 .text          0x00000000080002cc       0x40 c:/st/stm32cubeide_1.6.1/stm32cubeide/plugins/com.st.stm32cube.ide.mcu.externaltools.gnu-tools-for-stm32.9-2020-q2-update.win32_1.5.0.202011040924/tools/bin/../lib/gcc/arm-none-eabi/9.3.1/thumb/v7e-m+dp/hard/crtbegin.o
 *(.text*)
 .text.Config_INA
                0x000000000800030c       0x4c Core/Src/ina.o
                0x000000000800030c                Config_INA
 .text.main     0x0000000008000358       0x1e Core/Src/main.o
                0x0000000008000358                main
 *fill*         0x0000000008000376        0x2 
 .text.SystemClock_Config
                0x0000000008000378       0xdc Core/Src/main.o
                0x0000000008000378                SystemClock_Config
 .text.MX_I2C4_Init
                0x0000000008000454       0x80 Core/Src/main.o
 .text.MX_GPIO_Init
                0x00000000080004d4       0xa8 Core/Src/main.o
 .text.Error_Handler
                0x000000000800057c        0xa Core/Src/main.o
                0x000000000800057c                Error_Handler
 *fill*         0x0000000008000586        0x2 
 .text.HAL_MspInit
                0x0000000008000588       0x34 Core/Src/stm32h7xx_hal_msp.o
                0x0000000008000588                HAL_MspInit
 .text.HAL_I2C_MspInit
                0x00000000080005bc       0xcc Core/Src/stm32h7xx_hal_msp.o
                0x00000000080005bc                HAL_I2C_MspInit
 .text.NMI_Handler
                0x0000000008000688        0x6 Core/Src/stm32h7xx_it.o
                0x0000000008000688                NMI_Handler
 .text.HardFault_Handler
                0x000000000800068e        0x6 Core/Src/stm32h7xx_it.o
                0x000000000800068e                HardFault_Handler
 .text.MemManage_Handler
                0x0000000008000694        0x6 Core/Src/stm32h7xx_it.o
                0x0000000008000694                MemManage_Handler
 .text.BusFault_Handler
                0x000000000800069a        0x6 Core/Src/stm32h7xx_it.o
                0x000000000800069a                BusFault_Handler
 .text.UsageFault_Handler
                0x00000000080006a0        0x6 Core/Src/stm32h7xx_it.o
                0x00000000080006a0                UsageFault_Handler
 .text.SVC_Handler
                0x00000000080006a6        0xe Core/Src/stm32h7xx_it.o
                0x00000000080006a6                SVC_Handler
 .text.DebugMon_Handler
                0x00000000080006b4        0xe Core/Src/stm32h7xx_it.o
                0x00000000080006b4                DebugMon_Handler
 .text.PendSV_Handler
                0x00000000080006c2        0xe Core/Src/stm32h7xx_it.o
                0x00000000080006c2                PendSV_Handler
 .text.SysTick_Handler
                0x00000000080006d0        0xc Core/Src/stm32h7xx_it.o
                0x00000000080006d0                SysTick_Handler
 .text.SystemInit
                0x00000000080006dc       0xf8 Core/Src/system_stm32h7xx.o
                0x00000000080006dc                SystemInit
 .text.Reset_Handler
                0x00000000080007d4       0x50 Core/Startup/startup_stm32h735igkx.o
                0x00000000080007d4                Reset_Handler
 .text.Default_Handler
                0x0000000008000824        0x2 Core/Startup/startup_stm32h735igkx.o
                0x0000000008000824                RTC_Alarm_IRQHandler
                0x0000000008000824                HASH_RNG_IRQHandler
                0x0000000008000824                EXTI2_IRQHandler
                0x0000000008000824                TIM8_CC_IRQHandler
                0x0000000008000824                UART8_IRQHandler
                0x0000000008000824                SPI4_IRQHandler
                0x0000000008000824                FDCAN3_IT0_IRQHandler
                0x0000000008000824                TIM1_CC_IRQHandler
                0x0000000008000824                BDMA_Channel6_IRQHandler
                0x0000000008000824                DMA2_Stream5_IRQHandler
                0x0000000008000824                DMA1_Stream5_IRQHandler
                0x0000000008000824                CORDIC_IRQHandler
                0x0000000008000824                BDMA_Channel1_IRQHandler
                0x0000000008000824                TAMP_STAMP_IRQHandler
                0x0000000008000824                EXTI3_IRQHandler
                0x0000000008000824                LPTIM4_IRQHandler
                0x0000000008000824                TIM8_TRG_COM_TIM14_IRQHandler
                0x0000000008000824                LPTIM2_IRQHandler
                0x0000000008000824                DFSDM1_FLT1_IRQHandler
                0x0000000008000824                DMAMUX2_OVR_IRQHandler
                0x0000000008000824                TIM8_UP_TIM13_IRQHandler
                0x0000000008000824                I2C3_ER_IRQHandler
                0x0000000008000824                DFSDM1_FLT2_IRQHandler
                0x0000000008000824                I2C5_EV_IRQHandler
                0x0000000008000824                USART10_IRQHandler
                0x0000000008000824                MDMA_IRQHandler
                0x0000000008000824                LPTIM3_IRQHandler
                0x0000000008000824                HSEM1_IRQHandler
                0x0000000008000824                EXTI0_IRQHandler
                0x0000000008000824                I2C2_EV_IRQHandler
                0x0000000008000824                DMA1_Stream2_IRQHandler
                0x0000000008000824                FPU_IRQHandler
                0x0000000008000824                OTG_HS_WKUP_IRQHandler
                0x0000000008000824                FDCAN1_IT1_IRQHandler
                0x0000000008000824                LTDC_ER_IRQHandler
                0x0000000008000824                DMA2_Stream2_IRQHandler
                0x0000000008000824                SPI1_IRQHandler
                0x0000000008000824                OCTOSPI1_IRQHandler
                0x0000000008000824                TIM6_DAC_IRQHandler
                0x0000000008000824                DMA2_Stream3_IRQHandler
                0x0000000008000824                OCTOSPI2_IRQHandler
                0x0000000008000824                DFSDM1_FLT3_IRQHandler
                0x0000000008000824                TIM23_IRQHandler
                0x0000000008000824                USART6_IRQHandler
                0x0000000008000824                TIM17_IRQHandler
                0x0000000008000824                USART3_IRQHandler
                0x0000000008000824                BDMA_Channel7_IRQHandler
                0x0000000008000824                CRYP_IRQHandler
                0x0000000008000824                LPTIM5_IRQHandler
                0x0000000008000824                UART5_IRQHandler
                0x0000000008000824                ADC3_IRQHandler
                0x0000000008000824                DMA2_Stream0_IRQHandler
                0x0000000008000824                TIM4_IRQHandler
                0x0000000008000824                BDMA_Channel2_IRQHandler
                0x0000000008000824                I2C1_EV_IRQHandler
                0x0000000008000824                DMA1_Stream6_IRQHandler
                0x0000000008000824                DMAMUX1_OVR_IRQHandler
                0x0000000008000824                DMA1_Stream1_IRQHandler
                0x0000000008000824                TIM16_IRQHandler
                0x0000000008000824                UART4_IRQHandler
                0x0000000008000824                BDMA_Channel5_IRQHandler
                0x0000000008000824                TIM3_IRQHandler
                0x0000000008000824                RCC_IRQHandler
                0x0000000008000824                UART9_IRQHandler
                0x0000000008000824                TIM8_BRK_TIM12_IRQHandler
                0x0000000008000824                TIM1_TRG_COM_IRQHandler
                0x0000000008000824                Default_Handler
                0x0000000008000824                ECC_IRQHandler
                0x0000000008000824                FMAC_IRQHandler
                0x0000000008000824                CEC_IRQHandler
                0x0000000008000824                EXTI15_10_IRQHandler
                0x0000000008000824                BDMA_Channel0_IRQHandler
                0x0000000008000824                ADC_IRQHandler
                0x0000000008000824                I2C5_ER_IRQHandler
                0x0000000008000824                OTFDEC1_IRQHandler
                0x0000000008000824                DMA1_Stream7_IRQHandler
                0x0000000008000824                SPI5_IRQHandler
                0x0000000008000824                TIM7_IRQHandler
                0x0000000008000824                FDCAN3_IT1_IRQHandler
                0x0000000008000824                SDMMC1_IRQHandler
                0x0000000008000824                TIM5_IRQHandler
                0x0000000008000824                DMA2_Stream7_IRQHandler
                0x0000000008000824                TIM15_IRQHandler
                0x0000000008000824                PVD_AVD_IRQHandler
                0x0000000008000824                I2C3_EV_IRQHandler
                0x0000000008000824                EXTI9_5_IRQHandler
                0x0000000008000824                RTC_WKUP_IRQHandler
                0x0000000008000824                LTDC_IRQHandler
                0x0000000008000824                ETH_WKUP_IRQHandler
                0x0000000008000824                SPDIF_RX_IRQHandler
                0x0000000008000824                SPI2_IRQHandler
                0x0000000008000824                OTG_HS_EP1_IN_IRQHandler
                0x0000000008000824                DMA1_Stream0_IRQHandler
                0x0000000008000824                OTFDEC2_IRQHandler
                0x0000000008000824                TIM24_IRQHandler
                0x0000000008000824                CRS_IRQHandler
                0x0000000008000824                EXTI4_IRQHandler
                0x0000000008000824                FDCAN2_IT1_IRQHandler
                0x0000000008000824                ETH_IRQHandler
                0x0000000008000824                TIM1_UP_IRQHandler
                0x0000000008000824                BDMA_Channel4_IRQHandler
                0x0000000008000824                OTG_HS_EP1_OUT_IRQHandler
                0x0000000008000824                WWDG_IRQHandler
                0x0000000008000824                SPI6_IRQHandler
                0x0000000008000824                MDIOS_IRQHandler
                0x0000000008000824                I2C4_EV_IRQHandler
                0x0000000008000824                FDCAN2_IT0_IRQHandler
                0x0000000008000824                LPUART1_IRQHandler
                0x0000000008000824                FDCAN1_IT0_IRQHandler
                0x0000000008000824                TIM2_IRQHandler
                0x0000000008000824                OTG_HS_IRQHandler
                0x0000000008000824                DMA2D_IRQHandler
                0x0000000008000824                TIM1_BRK_IRQHandler
                0x0000000008000824                EXTI1_IRQHandler
                0x0000000008000824                SDMMC2_IRQHandler
                0x0000000008000824                BDMA_Channel3_IRQHandler
                0x0000000008000824                DTS_IRQHandler
                0x0000000008000824                UART7_IRQHandler
                0x0000000008000824                MDIOS_WKUP_IRQHandler
                0x0000000008000824                USART2_IRQHandler
                0x0000000008000824                DFSDM1_FLT0_IRQHandler
                0x0000000008000824                SAI4_IRQHandler
                0x0000000008000824                I2C2_ER_IRQHandler
                0x0000000008000824                DMA2_Stream1_IRQHandler
                0x0000000008000824                FLASH_IRQHandler
                0x0000000008000824                DMA2_Stream4_IRQHandler
                0x0000000008000824                USART1_IRQHandler
                0x0000000008000824                SPI3_IRQHandler
                0x0000000008000824                WAKEUP_PIN_IRQHandler
                0x0000000008000824                DMA1_Stream4_IRQHandler
                0x0000000008000824                I2C1_ER_IRQHandler
                0x0000000008000824                FMC_IRQHandler
                0x0000000008000824                FDCAN_CAL_IRQHandler
                0x0000000008000824                SWPMI1_IRQHandler
                0x0000000008000824                COMP1_IRQHandler
                0x0000000008000824                LPTIM1_IRQHandler
                0x0000000008000824                DCMI_PSSI_IRQHandler
                0x0000000008000824                I2C4_ER_IRQHandler
                0x0000000008000824                DMA2_Stream6_IRQHandler
                0x0000000008000824                SAI1_IRQHandler
                0x0000000008000824                DMA1_Stream3_IRQHandler
 *fill*         0x0000000008000826        0x2 
 .text.HAL_Init
                0x0000000008000828       0x78 Drivers/STM32H7xx_HAL_Driver/Src/stm32h7xx_hal.o
                0x0000000008000828                HAL_Init
 .text.HAL_InitTick
                0x00000000080008a0       0x6c Drivers/STM32H7xx_HAL_Driver/Src/stm32h7xx_hal.o
                0x00000000080008a0                HAL_InitTick
 .text.HAL_IncTick
                0x000000000800090c       0x28 Drivers/STM32H7xx_HAL_Driver/Src/stm32h7xx_hal.o
                0x000000000800090c                HAL_IncTick
 .text.HAL_GetTick
                0x0000000008000934       0x18 Drivers/STM32H7xx_HAL_Driver/Src/stm32h7xx_hal.o
                0x0000000008000934                HAL_GetTick
 .text.__NVIC_SetPriorityGrouping
                0x000000000800094c       0x48 Drivers/STM32H7xx_HAL_Driver/Src/stm32h7xx_hal_cortex.o
 .text.__NVIC_GetPriorityGrouping
                0x0000000008000994       0x1c Drivers/STM32H7xx_HAL_Driver/Src/stm32h7xx_hal_cortex.o
 .text.__NVIC_SetPriority
                0x00000000080009b0       0x54 Drivers/STM32H7xx_HAL_Driver/Src/stm32h7xx_hal_cortex.o
 .text.NVIC_EncodePriority
                0x0000000008000a04       0x66 Drivers/STM32H7xx_HAL_Driver/Src/stm32h7xx_hal_cortex.o
 *fill*         0x0000000008000a6a        0x2 
 .text.SysTick_Config
                0x0000000008000a6c       0x44 Drivers/STM32H7xx_HAL_Driver/Src/stm32h7xx_hal_cortex.o
 .text.HAL_NVIC_SetPriorityGrouping
                0x0000000008000ab0       0x16 Drivers/STM32H7xx_HAL_Driver/Src/stm32h7xx_hal_cortex.o
                0x0000000008000ab0                HAL_NVIC_SetPriorityGrouping
 .text.HAL_NVIC_SetPriority
                0x0000000008000ac6       0x34 Drivers/STM32H7xx_HAL_Driver/Src/stm32h7xx_hal_cortex.o
                0x0000000008000ac6                HAL_NVIC_SetPriority
 .text.HAL_SYSTICK_Config
                0x0000000008000afa       0x18 Drivers/STM32H7xx_HAL_Driver/Src/stm32h7xx_hal_cortex.o
                0x0000000008000afa                HAL_SYSTICK_Config
 *fill*         0x0000000008000b12        0x2 
 .text.HAL_GPIO_Init
                0x0000000008000b14      0x350 Drivers/STM32H7xx_HAL_Driver/Src/stm32h7xx_hal_gpio.o
                0x0000000008000b14                HAL_GPIO_Init
 .text.HAL_GPIO_WritePin
                0x0000000008000e64       0x32 Drivers/STM32H7xx_HAL_Driver/Src/stm32h7xx_hal_gpio.o
                0x0000000008000e64                HAL_GPIO_WritePin
 *fill*         0x0000000008000e96        0x2 
 .text.HAL_I2C_Init
                0x0000000008000e98      0x120 Drivers/STM32H7xx_HAL_Driver/Src/stm32h7xx_hal_i2c.o
                0x0000000008000e98                HAL_I2C_Init
 .text.HAL_I2C_Master_Transmit
                0x0000000008000fb8      0x1e8 Drivers/STM32H7xx_HAL_Driver/Src/stm32h7xx_hal_i2c.o
                0x0000000008000fb8                HAL_I2C_Master_Transmit
 .text.I2C_Flush_TXDR
                0x00000000080011a0       0x48 Drivers/STM32H7xx_HAL_Driver/Src/stm32h7xx_hal_i2c.o
 .text.I2C_WaitOnFlagUntilTimeout
                0x00000000080011e8       0x80 Drivers/STM32H7xx_HAL_Driver/Src/stm32h7xx_hal_i2c.o
 .text.I2C_WaitOnTXISFlagUntilTimeout
                0x0000000008001268       0x80 Drivers/STM32H7xx_HAL_Driver/Src/stm32h7xx_hal_i2c.o
 .text.I2C_WaitOnSTOPFlagUntilTimeout
                0x00000000080012e8       0x78 Drivers/STM32H7xx_HAL_Driver/Src/stm32h7xx_hal_i2c.o
 .text.I2C_IsAcknowledgeFailed
                0x0000000008001360       0xcc Drivers/STM32H7xx_HAL_Driver/Src/stm32h7xx_hal_i2c.o
 .text.I2C_TransferConfig
                0x000000000800142c       0x5c Drivers/STM32H7xx_HAL_Driver/Src/stm32h7xx_hal_i2c.o
 .text.HAL_I2CEx_ConfigAnalogFilter
                0x0000000008001488       0x96 Drivers/STM32H7xx_HAL_Driver/Src/stm32h7xx_hal_i2c_ex.o
                0x0000000008001488                HAL_I2CEx_ConfigAnalogFilter
 .text.HAL_I2CEx_ConfigDigitalFilter
                0x000000000800151e       0x98 Drivers/STM32H7xx_HAL_Driver/Src/stm32h7xx_hal_i2c_ex.o
                0x000000000800151e                HAL_I2CEx_ConfigDigitalFilter
 *fill*         0x00000000080015b6        0x2 
 .text.HAL_PWREx_ConfigSupply
                0x00000000080015b8       0xb4 Drivers/STM32H7xx_HAL_Driver/Src/stm32h7xx_hal_pwr_ex.o
                0x00000000080015b8                HAL_PWREx_ConfigSupply
 .text.HAL_RCC_OscConfig
                0x000000000800166c      0x71c Drivers/STM32H7xx_HAL_Driver/Src/stm32h7xx_hal_rcc.o
                0x000000000800166c                HAL_RCC_OscConfig
 .text.HAL_RCC_ClockConfig
                0x0000000008001d88      0x36c Drivers/STM32H7xx_HAL_Driver/Src/stm32h7xx_hal_rcc.o
                0x0000000008001d88                HAL_RCC_ClockConfig
 .text.HAL_RCC_GetSysClockFreq
                0x00000000080020f4      0x2f4 Drivers/STM32H7xx_HAL_Driver/Src/stm32h7xx_hal_rcc.o
                0x00000000080020f4                HAL_RCC_GetSysClockFreq
 .text.HAL_RCCEx_PeriphCLKConfig
                0x00000000080023e8      0xdf4 Drivers/STM32H7xx_HAL_Driver/Src/stm32h7xx_hal_rcc_ex.o
                0x00000000080023e8                HAL_RCCEx_PeriphCLKConfig
 .text.RCCEx_PLL2_Config
                0x00000000080031dc      0x164 Drivers/STM32H7xx_HAL_Driver/Src/stm32h7xx_hal_rcc_ex.o
 .text.RCCEx_PLL3_Config
                0x0000000008003340      0x164 Drivers/STM32H7xx_HAL_Driver/Src/stm32h7xx_hal_rcc_ex.o
 .text.__libc_init_array
                0x00000000080034a4       0x48 c:/st/stm32cubeide_1.6.1/stm32cubeide/plugins/com.st.stm32cube.ide.mcu.externaltools.gnu-tools-for-stm32.9-2020-q2-update.win32_1.5.0.202011040924/tools/bin/../lib/gcc/arm-none-eabi/9.3.1/../../../../arm-none-eabi/lib/thumb/v7e-m+dp/hard\libc_nano.a(lib_a-init.o)
                0x00000000080034a4                __libc_init_array
 .text.memset   0x00000000080034ec       0x10 c:/st/stm32cubeide_1.6.1/stm32cubeide/plugins/com.st.stm32cube.ide.mcu.externaltools.gnu-tools-for-stm32.9-2020-q2-update.win32_1.5.0.202011040924/tools/bin/../lib/gcc/arm-none-eabi/9.3.1/../../../../arm-none-eabi/lib/thumb/v7e-m+dp/hard\libc_nano.a(lib_a-memset.o)
                0x00000000080034ec                memset
 *(.glue_7)
 .glue_7        0x00000000080034fc        0x0 linker stubs
 *(.glue_7t)
 .glue_7t       0x00000000080034fc        0x0 linker stubs
 *(.eh_frame)
 .eh_frame      0x00000000080034fc        0x0 c:/st/stm32cubeide_1.6.1/stm32cubeide/plugins/com.st.stm32cube.ide.mcu.externaltools.gnu-tools-for-stm32.9-2020-q2-update.win32_1.5.0.202011040924/tools/bin/../lib/gcc/arm-none-eabi/9.3.1/thumb/v7e-m+dp/hard/crtbegin.o
 *(.init)
 .init          0x00000000080034fc        0x4 c:/st/stm32cubeide_1.6.1/stm32cubeide/plugins/com.st.stm32cube.ide.mcu.externaltools.gnu-tools-for-stm32.9-2020-q2-update.win32_1.5.0.202011040924/tools/bin/../lib/gcc/arm-none-eabi/9.3.1/thumb/v7e-m+dp/hard/crti.o
                0x00000000080034fc                _init
 .init          0x0000000008003500        0x8 c:/st/stm32cubeide_1.6.1/stm32cubeide/plugins/com.st.stm32cube.ide.mcu.externaltools.gnu-tools-for-stm32.9-2020-q2-update.win32_1.5.0.202011040924/tools/bin/../lib/gcc/arm-none-eabi/9.3.1/thumb/v7e-m+dp/hard/crtn.o
 *(.fini)
 .fini          0x0000000008003508        0x4 c:/st/stm32cubeide_1.6.1/stm32cubeide/plugins/com.st.stm32cube.ide.mcu.externaltools.gnu-tools-for-stm32.9-2020-q2-update.win32_1.5.0.202011040924/tools/bin/../lib/gcc/arm-none-eabi/9.3.1/thumb/v7e-m+dp/hard/crti.o
                0x0000000008003508                _fini
 .fini          0x000000000800350c        0x8 c:/st/stm32cubeide_1.6.1/stm32cubeide/plugins/com.st.stm32cube.ide.mcu.externaltools.gnu-tools-for-stm32.9-2020-q2-update.win32_1.5.0.202011040924/tools/bin/../lib/gcc/arm-none-eabi/9.3.1/thumb/v7e-m+dp/hard/crtn.o
                0x0000000008003514                . = ALIGN (0x4)
                0x0000000008003514                _etext = .

.vfp11_veneer   0x0000000008003514        0x0
 .vfp11_veneer  0x0000000008003514        0x0 linker stubs

.v4_bx          0x0000000008003514        0x0
 .v4_bx         0x0000000008003514        0x0 linker stubs

.iplt           0x0000000008003514        0x0
 .iplt          0x0000000008003514        0x0 c:/st/stm32cubeide_1.6.1/stm32cubeide/plugins/com.st.stm32cube.ide.mcu.externaltools.gnu-tools-for-stm32.9-2020-q2-update.win32_1.5.0.202011040924/tools/bin/../lib/gcc/arm-none-eabi/9.3.1/thumb/v7e-m+dp/hard/crtbegin.o

.rodata         0x0000000008003514       0x10
                0x0000000008003514                . = ALIGN (0x4)
 *(.rodata)
 *(.rodata*)
 .rodata.D1CorePrescTable
                0x0000000008003514       0x10 Core/Src/system_stm32h7xx.o
                0x0000000008003514                D1CorePrescTable
                0x0000000008003524                . = ALIGN (0x4)

.rel.dyn        0x0000000008003524        0x0
 .rel.iplt      0x0000000008003524        0x0 c:/st/stm32cubeide_1.6.1/stm32cubeide/plugins/com.st.stm32cube.ide.mcu.externaltools.gnu-tools-for-stm32.9-2020-q2-update.win32_1.5.0.202011040924/tools/bin/../lib/gcc/arm-none-eabi/9.3.1/thumb/v7e-m+dp/hard/crtbegin.o

.ARM.extab
 *(.ARM.extab* .gnu.linkonce.armextab.*)

.ARM            0x0000000008003524        0x0
                0x0000000008003524                __exidx_start = .
 *(.ARM.exidx*)
                0x0000000008003524                __exidx_end = .

.preinit_array  0x0000000008003524        0x0
                0x0000000008003524                PROVIDE (__preinit_array_start = .)
 *(.preinit_array*)
                0x0000000008003524                PROVIDE (__preinit_array_end = .)

.init_array     0x0000000008003524        0x4
                0x0000000008003524                PROVIDE (__init_array_start = .)
 *(SORT_BY_NAME(.init_array.*))
 *(.init_array*)
 .init_array    0x0000000008003524        0x4 c:/st/stm32cubeide_1.6.1/stm32cubeide/plugins/com.st.stm32cube.ide.mcu.externaltools.gnu-tools-for-stm32.9-2020-q2-update.win32_1.5.0.202011040924/tools/bin/../lib/gcc/arm-none-eabi/9.3.1/thumb/v7e-m+dp/hard/crtbegin.o
                0x0000000008003528                PROVIDE (__init_array_end = .)

.fini_array     0x0000000008003528        0x4
                [!provide]                        PROVIDE (__fini_array_start = .)
 *(SORT_BY_NAME(.fini_array.*))
 *(.fini_array*)
 .fini_array    0x0000000008003528        0x4 c:/st/stm32cubeide_1.6.1/stm32cubeide/plugins/com.st.stm32cube.ide.mcu.externaltools.gnu-tools-for-stm32.9-2020-q2-update.win32_1.5.0.202011040924/tools/bin/../lib/gcc/arm-none-eabi/9.3.1/thumb/v7e-m+dp/hard/crtbegin.o
                [!provide]                        PROVIDE (__fini_array_end = .)
                0x000000000800352c                _sidata = LOADADDR (.data)

.data           0x0000000020000000       0x10 load address 0x000000000800352c
                0x0000000020000000                . = ALIGN (0x4)
                0x0000000020000000                _sdata = .
 *(.data)
 *(.data*)
 .data.SystemCoreClock
                0x0000000020000000        0x4 Core/Src/system_stm32h7xx.o
                0x0000000020000000                SystemCoreClock
 .data.SystemD2Clock
                0x0000000020000004        0x4 Core/Src/system_stm32h7xx.o
                0x0000000020000004                SystemD2Clock
 .data.uwTickPrio
                0x0000000020000008        0x4 Drivers/STM32H7xx_HAL_Driver/Src/stm32h7xx_hal.o
                0x0000000020000008                uwTickPrio
 .data.uwTickFreq
                0x000000002000000c        0x1 Drivers/STM32H7xx_HAL_Driver/Src/stm32h7xx_hal.o
                0x000000002000000c                uwTickFreq
 *(.RamFunc)
 *(.RamFunc*)
                0x0000000020000010                . = ALIGN (0x4)
 *fill*         0x000000002000000d        0x3 
                0x0000000020000010                _edata = .

.igot.plt       0x0000000020000010        0x0 load address 0x000000000800353c
 .igot.plt      0x0000000020000010        0x0 c:/st/stm32cubeide_1.6.1/stm32cubeide/plugins/com.st.stm32cube.ide.mcu.externaltools.gnu-tools-for-stm32.9-2020-q2-update.win32_1.5.0.202011040924/tools/bin/../lib/gcc/arm-none-eabi/9.3.1/thumb/v7e-m+dp/hard/crtbegin.o
                0x0000000020000010                . = ALIGN (0x4)

.bss            0x0000000020000010       0x7c load address 0x000000000800353c
                0x0000000020000010                _sbss = .
                0x0000000020000010                __bss_start__ = _sbss
 *(.bss)
 .bss           0x0000000020000010       0x1c c:/st/stm32cubeide_1.6.1/stm32cubeide/plugins/com.st.stm32cube.ide.mcu.externaltools.gnu-tools-for-stm32.9-2020-q2-update.win32_1.5.0.202011040924/tools/bin/../lib/gcc/arm-none-eabi/9.3.1/thumb/v7e-m+dp/hard/crtbegin.o
 *(.bss*)
 *(COMMON)
 COMMON         0x000000002000002c       0x59 Core/Src/ina.o
                0x000000002000002c                hi2c4
                0x0000000020000078                buf
                0x0000000020000084                ret
 *fill*         0x0000000020000085        0x3 
 COMMON         0x0000000020000088        0x4 Drivers/STM32H7xx_HAL_Driver/Src/stm32h7xx_hal.o
                0x0000000020000088                uwTick
                0x000000002000008c                . = ALIGN (0x4)
                0x000000002000008c                _ebss = .
                0x000000002000008c                __bss_end__ = _ebss

._user_heap_stack
                0x000000002000008c      0x604 load address 0x000000000800353c
                0x0000000020000090                . = ALIGN (0x8)
 *fill*         0x000000002000008c        0x4 
                [!provide]                        PROVIDE (end = .)
                0x0000000020000090                PROVIDE (_end = .)
                0x0000000020000290                . = (. + _Min_Heap_Size)
 *fill*         0x0000000020000090      0x200 
                0x0000000020000690                . = (. + _Min_Stack_Size)
 *fill*         0x0000000020000290      0x400 
                0x0000000020000690                . = ALIGN (0x8)

/DISCARD/
 libc.a(*)
 libm.a(*)
 libgcc.a(*)

.ARM.attributes
                0x0000000000000000       0x2e
 *(.ARM.attributes)
 .ARM.attributes
                0x0000000000000000       0x1e c:/st/stm32cubeide_1.6.1/stm32cubeide/plugins/com.st.stm32cube.ide.mcu.externaltools.gnu-tools-for-stm32.9-2020-q2-update.win32_1.5.0.202011040924/tools/bin/../lib/gcc/arm-none-eabi/9.3.1/thumb/v7e-m+dp/hard/crti.o
 .ARM.attributes
                0x000000000000001e       0x32 c:/st/stm32cubeide_1.6.1/stm32cubeide/plugins/com.st.stm32cube.ide.mcu.externaltools.gnu-tools-for-stm32.9-2020-q2-update.win32_1.5.0.202011040924/tools/bin/../lib/gcc/arm-none-eabi/9.3.1/thumb/v7e-m+dp/hard/crtbegin.o
 .ARM.attributes
                0x0000000000000050       0x32 Core/Src/ina.o
 .ARM.attributes
                0x0000000000000082       0x32 Core/Src/main.o
 .ARM.attributes
                0x00000000000000b4       0x32 Core/Src/stm32h7xx_hal_msp.o
 .ARM.attributes
                0x00000000000000e6       0x32 Core/Src/stm32h7xx_it.o
 .ARM.attributes
                0x0000000000000118       0x32 Core/Src/system_stm32h7xx.o
 .ARM.attributes
                0x000000000000014a       0x21 Core/Startup/startup_stm32h735igkx.o
 .ARM.attributes
                0x000000000000016b       0x32 Drivers/STM32H7xx_HAL_Driver/Src/stm32h7xx_hal.o
 .ARM.attributes
                0x000000000000019d       0x32 Drivers/STM32H7xx_HAL_Driver/Src/stm32h7xx_hal_cortex.o
 .ARM.attributes
                0x00000000000001cf       0x32 Drivers/STM32H7xx_HAL_Driver/Src/stm32h7xx_hal_gpio.o
 .ARM.attributes
                0x0000000000000201       0x32 Drivers/STM32H7xx_HAL_Driver/Src/stm32h7xx_hal_i2c.o
 .ARM.attributes
                0x0000000000000233       0x32 Drivers/STM32H7xx_HAL_Driver/Src/stm32h7xx_hal_i2c_ex.o
 .ARM.attributes
                0x0000000000000265       0x32 Drivers/STM32H7xx_HAL_Driver/Src/stm32h7xx_hal_pwr_ex.o
 .ARM.attributes
                0x0000000000000297       0x32 Drivers/STM32H7xx_HAL_Driver/Src/stm32h7xx_hal_rcc.o
 .ARM.attributes
                0x00000000000002c9       0x32 Drivers/STM32H7xx_HAL_Driver/Src/stm32h7xx_hal_rcc_ex.o
 .ARM.attributes
                0x00000000000002fb       0x32 c:/st/stm32cubeide_1.6.1/stm32cubeide/plugins/com.st.stm32cube.ide.mcu.externaltools.gnu-tools-for-stm32.9-2020-q2-update.win32_1.5.0.202011040924/tools/bin/../lib/gcc/arm-none-eabi/9.3.1/../../../../arm-none-eabi/lib/thumb/v7e-m+dp/hard\libc_nano.a(lib_a-init.o)
 .ARM.attributes
                0x000000000000032d       0x32 c:/st/stm32cubeide_1.6.1/stm32cubeide/plugins/com.st.stm32cube.ide.mcu.externaltools.gnu-tools-for-stm32.9-2020-q2-update.win32_1.5.0.202011040924/tools/bin/../lib/gcc/arm-none-eabi/9.3.1/../../../../arm-none-eabi/lib/thumb/v7e-m+dp/hard\libc_nano.a(lib_a-memset.o)
 .ARM.attributes
                0x000000000000035f       0x1e c:/st/stm32cubeide_1.6.1/stm32cubeide/plugins/com.st.stm32cube.ide.mcu.externaltools.gnu-tools-for-stm32.9-2020-q2-update.win32_1.5.0.202011040924/tools/bin/../lib/gcc/arm-none-eabi/9.3.1/thumb/v7e-m+dp/hard/crtn.o
OUTPUT(test_firmware_lora_tracker.elf elf32-littlearm)
LOAD linker stubs
LOAD c:/st/stm32cubeide_1.6.1/stm32cubeide/plugins/com.st.stm32cube.ide.mcu.externaltools.gnu-tools-for-stm32.9-2020-q2-update.win32_1.5.0.202011040924/tools/bin/../lib/gcc/arm-none-eabi/9.3.1/../../../../arm-none-eabi/lib/thumb/v7e-m+dp/hard\libc.a
LOAD c:/st/stm32cubeide_1.6.1/stm32cubeide/plugins/com.st.stm32cube.ide.mcu.externaltools.gnu-tools-for-stm32.9-2020-q2-update.win32_1.5.0.202011040924/tools/bin/../lib/gcc/arm-none-eabi/9.3.1/../../../../arm-none-eabi/lib/thumb/v7e-m+dp/hard\libm.a
LOAD c:/st/stm32cubeide_1.6.1/stm32cubeide/plugins/com.st.stm32cube.ide.mcu.externaltools.gnu-tools-for-stm32.9-2020-q2-update.win32_1.5.0.202011040924/tools/bin/../lib/gcc/arm-none-eabi/9.3.1/thumb/v7e-m+dp/hard\libgcc.a

.debug_info     0x0000000000000000    0x14f2a
 .debug_info    0x0000000000000000     0x11e4 Core/Src/ina.o
 .debug_info    0x00000000000011e4     0x1a0b Core/Src/main.o
 .debug_info    0x0000000000002bef     0x19b3 Core/Src/stm32h7xx_hal_msp.o
 .debug_info    0x00000000000045a2      0xbe2 Core/Src/stm32h7xx_it.o
 .debug_info    0x0000000000005184     0x1586 Core/Src/system_stm32h7xx.o
 .debug_info    0x000000000000670a       0x22 Core/Startup/startup_stm32h735igkx.o
 .debug_info    0x000000000000672c     0x20df Drivers/STM32H7xx_HAL_Driver/Src/stm32h7xx_hal.o
 .debug_info    0x000000000000880b     0x1bda Drivers/STM32H7xx_HAL_Driver/Src/stm32h7xx_hal_cortex.o
 .debug_info    0x000000000000a3e5     0x17ce Drivers/STM32H7xx_HAL_Driver/Src/stm32h7xx_hal_gpio.o
 .debug_info    0x000000000000bbb3     0x2d21 Drivers/STM32H7xx_HAL_Driver/Src/stm32h7xx_hal_i2c.o
 .debug_info    0x000000000000e8d4     0x189e Drivers/STM32H7xx_HAL_Driver/Src/stm32h7xx_hal_i2c_ex.o
 .debug_info    0x0000000000010172     0x18da Drivers/STM32H7xx_HAL_Driver/Src/stm32h7xx_hal_pwr_ex.o
 .debug_info    0x0000000000011a4c     0x1837 Drivers/STM32H7xx_HAL_Driver/Src/stm32h7xx_hal_rcc.o
 .debug_info    0x0000000000013283     0x1ca7 Drivers/STM32H7xx_HAL_Driver/Src/stm32h7xx_hal_rcc_ex.o

.debug_abbrev   0x0000000000000000     0x2492
 .debug_abbrev  0x0000000000000000      0x21d Core/Src/ina.o
 .debug_abbrev  0x000000000000021d      0x2e4 Core/Src/main.o
 .debug_abbrev  0x0000000000000501      0x256 Core/Src/stm32h7xx_hal_msp.o
 .debug_abbrev  0x0000000000000757      0x1ef Core/Src/stm32h7xx_it.o
 .debug_abbrev  0x0000000000000946      0x251 Core/Src/system_stm32h7xx.o
 .debug_abbrev  0x0000000000000b97       0x12 Core/Startup/startup_stm32h735igkx.o
 .debug_abbrev  0x0000000000000ba9      0x324 Drivers/STM32H7xx_HAL_Driver/Src/stm32h7xx_hal.o
 .debug_abbrev  0x0000000000000ecd      0x409 Drivers/STM32H7xx_HAL_Driver/Src/stm32h7xx_hal_cortex.o
 .debug_abbrev  0x00000000000012d6      0x2cb Drivers/STM32H7xx_HAL_Driver/Src/stm32h7xx_hal_gpio.o
 .debug_abbrev  0x00000000000015a1      0x2e6 Drivers/STM32H7xx_HAL_Driver/Src/stm32h7xx_hal_i2c.o
 .debug_abbrev  0x0000000000001887      0x29e Drivers/STM32H7xx_HAL_Driver/Src/stm32h7xx_hal_i2c_ex.o
 .debug_abbrev  0x0000000000001b25      0x33f Drivers/STM32H7xx_HAL_Driver/Src/stm32h7xx_hal_pwr_ex.o
 .debug_abbrev  0x0000000000001e64      0x311 Drivers/STM32H7xx_HAL_Driver/Src/stm32h7xx_hal_rcc.o
 .debug_abbrev  0x0000000000002175      0x31d Drivers/STM32H7xx_HAL_Driver/Src/stm32h7xx_hal_rcc_ex.o

.debug_aranges  0x0000000000000000      0xa20
 .debug_aranges
                0x0000000000000000       0x20 Core/Src/ina.o
 .debug_aranges
                0x0000000000000020       0x40 Core/Src/main.o
 .debug_aranges
                0x0000000000000060       0x30 Core/Src/stm32h7xx_hal_msp.o
 .debug_aranges
                0x0000000000000090       0x60 Core/Src/stm32h7xx_it.o
 .debug_aranges
                0x00000000000000f0       0x28 Core/Src/system_stm32h7xx.o
 .debug_aranges
                0x0000000000000118       0x28 Core/Startup/startup_stm32h735igkx.o
 .debug_aranges
                0x0000000000000140      0x1c8 Drivers/STM32H7xx_HAL_Driver/Src/stm32h7xx_hal.o
 .debug_aranges
                0x0000000000000308      0x120 Drivers/STM32H7xx_HAL_Driver/Src/stm32h7xx_hal_cortex.o
 .debug_aranges
                0x0000000000000428       0x58 Drivers/STM32H7xx_HAL_Driver/Src/stm32h7xx_hal_gpio.o
 .debug_aranges
                0x0000000000000480      0x290 Drivers/STM32H7xx_HAL_Driver/Src/stm32h7xx_hal_i2c.o
 .debug_aranges
                0x0000000000000710       0x48 Drivers/STM32H7xx_HAL_Driver/Src/stm32h7xx_hal_i2c_ex.o
 .debug_aranges
                0x0000000000000758      0x148 Drivers/STM32H7xx_HAL_Driver/Src/stm32h7xx_hal_pwr_ex.o
 .debug_aranges
                0x00000000000008a0       0x88 Drivers/STM32H7xx_HAL_Driver/Src/stm32h7xx_hal_rcc.o
 .debug_aranges
                0x0000000000000928       0xf8 Drivers/STM32H7xx_HAL_Driver/Src/stm32h7xx_hal_rcc_ex.o

.debug_ranges   0x0000000000000000      0x948
 .debug_ranges  0x0000000000000000       0x10 Core/Src/ina.o
 .debug_ranges  0x0000000000000010       0x30 Core/Src/main.o
 .debug_ranges  0x0000000000000040       0x20 Core/Src/stm32h7xx_hal_msp.o
 .debug_ranges  0x0000000000000060       0x50 Core/Src/stm32h7xx_it.o
 .debug_ranges  0x00000000000000b0       0x18 Core/Src/system_stm32h7xx.o
 .debug_ranges  0x00000000000000c8       0x20 Core/Startup/startup_stm32h735igkx.o
 .debug_ranges  0x00000000000000e8      0x1b8 Drivers/STM32H7xx_HAL_Driver/Src/stm32h7xx_hal.o
 .debug_ranges  0x00000000000002a0      0x110 Drivers/STM32H7xx_HAL_Driver/Src/stm32h7xx_hal_cortex.o
 .debug_ranges  0x00000000000003b0       0x48 Drivers/STM32H7xx_HAL_Driver/Src/stm32h7xx_hal_gpio.o
 .debug_ranges  0x00000000000003f8      0x280 Drivers/STM32H7xx_HAL_Driver/Src/stm32h7xx_hal_i2c.o
 .debug_ranges  0x0000000000000678       0x38 Drivers/STM32H7xx_HAL_Driver/Src/stm32h7xx_hal_i2c_ex.o
 .debug_ranges  0x00000000000006b0      0x138 Drivers/STM32H7xx_HAL_Driver/Src/stm32h7xx_hal_pwr_ex.o
 .debug_ranges  0x00000000000007e8       0x78 Drivers/STM32H7xx_HAL_Driver/Src/stm32h7xx_hal_rcc.o
 .debug_ranges  0x0000000000000860       0xe8 Drivers/STM32H7xx_HAL_Driver/Src/stm32h7xx_hal_rcc_ex.o

.debug_macro    0x0000000000000000    0x317dc
 .debug_macro   0x0000000000000000      0x34b Core/Src/ina.o
 .debug_macro   0x000000000000034b      0xac0 Core/Src/ina.o
 .debug_macro   0x0000000000000e0b      0x22c Core/Src/ina.o
 .debug_macro   0x0000000000001037       0x2e Core/Src/ina.o
 .debug_macro   0x0000000000001065       0x42 Core/Src/ina.o
 .debug_macro   0x00000000000010a7       0x22 Core/Src/ina.o
 .debug_macro   0x00000000000010c9       0x8e Core/Src/ina.o
 .debug_macro   0x0000000000001157       0x51 Core/Src/ina.o
 .debug_macro   0x00000000000011a8      0x103 Core/Src/ina.o
 .debug_macro   0x00000000000012ab       0x6a Core/Src/ina.o
 .debug_macro   0x0000000000001315      0x1df Core/Src/ina.o
 .debug_macro   0x00000000000014f4       0x1c Core/Src/ina.o
 .debug_macro   0x0000000000001510       0x22 Core/Src/ina.o
 .debug_macro   0x0000000000001532      0x101 Core/Src/ina.o
 .debug_macro   0x0000000000001633     0x1305 Core/Src/ina.o
 .debug_macro   0x0000000000002938      0x11f Core/Src/ina.o
 .debug_macro   0x0000000000002a57       0x27 Core/Src/ina.o
 .debug_macro   0x0000000000002a7e    0x21bb9 Core/Src/ina.o
 .debug_macro   0x0000000000024637       0x43 Core/Src/ina.o
 .debug_macro   0x000000000002467a     0x3cbe Core/Src/ina.o
 .debug_macro   0x0000000000028338      0x174 Core/Src/ina.o
 .debug_macro   0x00000000000284ac       0x52 Core/Src/ina.o
 .debug_macro   0x00000000000284fe       0x17 Core/Src/ina.o
 .debug_macro   0x0000000000028515       0x3c Core/Src/ina.o
 .debug_macro   0x0000000000028551       0x34 Core/Src/ina.o
 .debug_macro   0x0000000000028585       0x16 Core/Src/ina.o
 .debug_macro   0x000000000002859b       0x43 Core/Src/ina.o
 .debug_macro   0x00000000000285de       0x34 Core/Src/ina.o
 .debug_macro   0x0000000000028612       0x10 Core/Src/ina.o
 .debug_macro   0x0000000000028622       0x58 Core/Src/ina.o
 .debug_macro   0x000000000002867a       0x71 Core/Src/ina.o
 .debug_macro   0x00000000000286eb       0x1c Core/Src/ina.o
 .debug_macro   0x0000000000028707      0x12a Core/Src/ina.o
 .debug_macro   0x0000000000028831      0x333 Core/Src/ina.o
 .debug_macro   0x0000000000028b64      0x1a9 Core/Src/ina.o
 .debug_macro   0x0000000000028d0d       0x5d Core/Src/ina.o
 .debug_macro   0x0000000000028d6a     0x257a Core/Src/ina.o
 .debug_macro   0x000000000002b2e4     0x104f Core/Src/ina.o
 .debug_macro   0x000000000002c333      0x14d Core/Src/ina.o
 .debug_macro   0x000000000002c480      0x117 Core/Src/ina.o
 .debug_macro   0x000000000002c597      0x3f8 Core/Src/ina.o
 .debug_macro   0x000000000002c98f       0x27 Core/Src/ina.o
 .debug_macro   0x000000000002c9b6      0x788 Core/Src/ina.o
 .debug_macro   0x000000000002d13e      0x229 Core/Src/ina.o
 .debug_macro   0x000000000002d367       0x66 Core/Src/ina.o
 .debug_macro   0x000000000002d3cd      0x3a6 Core/Src/ina.o
 .debug_macro   0x000000000002d773      0x3fa Core/Src/ina.o
 .debug_macro   0x000000000002db6d      0x275 Core/Src/ina.o
 .debug_macro   0x000000000002dde2      0x3cb Core/Src/ina.o
 .debug_macro   0x000000000002e1ad      0x45c Core/Src/ina.o
 .debug_macro   0x000000000002e609       0x3c Core/Src/ina.o
 .debug_macro   0x000000000002e645       0x4a Core/Src/ina.o
 .debug_macro   0x000000000002e68f      0x22c Core/Src/ina.o
 .debug_macro   0x000000000002e8bb       0x67 Core/Src/ina.o
 .debug_macro   0x000000000002e922       0xa5 Core/Src/ina.o
 .debug_macro   0x000000000002e9c7      0x1c5 Core/Src/ina.o
 .debug_macro   0x000000000002eb8c      0x25c Core/Src/ina.o
 .debug_macro   0x000000000002ede8       0x35 Core/Src/ina.o
 .debug_macro   0x000000000002ee1d      0x5e6 Core/Src/ina.o
 .debug_macro   0x000000000002f403       0x1c Core/Src/ina.o
 .debug_macro   0x000000000002f41f       0x35 Core/Src/ina.o
 .debug_macro   0x000000000002f454       0x10 Core/Src/ina.o
 .debug_macro   0x000000000002f464       0x10 Core/Src/ina.o
 .debug_macro   0x000000000002f474       0x1c Core/Src/ina.o
 .debug_macro   0x000000000002f490       0x52 Core/Src/ina.o
 .debug_macro   0x000000000002f4e2       0x22 Core/Src/ina.o
 .debug_macro   0x000000000002f504       0x10 Core/Src/ina.o
 .debug_macro   0x000000000002f514       0x40 Core/Src/ina.o
 .debug_macro   0x000000000002f554       0xd5 Core/Src/ina.o
 .debug_macro   0x000000000002f629       0x1c Core/Src/ina.o
 .debug_macro   0x000000000002f645       0x3d Core/Src/ina.o
 .debug_macro   0x000000000002f682       0x16 Core/Src/ina.o
 .debug_macro   0x000000000002f698      0x145 Core/Src/ina.o
 .debug_macro   0x000000000002f7dd      0x28f Core/Src/main.o
 .debug_macro   0x000000000002fa6c       0x1c Core/Src/main.o
 .debug_macro   0x000000000002fa88      0x28f Core/Src/stm32h7xx_hal_msp.o
 .debug_macro   0x000000000002fd17      0x299 Core/Src/stm32h7xx_it.o
 .debug_macro   0x000000000002ffb0      0x286 Core/Src/system_stm32h7xx.o
 .debug_macro   0x0000000000030236      0x2aa Drivers/STM32H7xx_HAL_Driver/Src/stm32h7xx_hal.o
 .debug_macro   0x00000000000304e0      0x280 Drivers/STM32H7xx_HAL_Driver/Src/stm32h7xx_hal_cortex.o
 .debug_macro   0x0000000000030760      0x2bc Drivers/STM32H7xx_HAL_Driver/Src/stm32h7xx_hal_gpio.o
 .debug_macro   0x0000000000030a1c      0x345 Drivers/STM32H7xx_HAL_Driver/Src/stm32h7xx_hal_i2c.o
 .debug_macro   0x0000000000030d61      0x280 Drivers/STM32H7xx_HAL_Driver/Src/stm32h7xx_hal_i2c_ex.o
 .debug_macro   0x0000000000030fe1      0x2b9 Drivers/STM32H7xx_HAL_Driver/Src/stm32h7xx_hal_pwr_ex.o
 .debug_macro   0x000000000003129a      0x2a4 Drivers/STM32H7xx_HAL_Driver/Src/stm32h7xx_hal_rcc.o
 .debug_macro   0x000000000003153e      0x29e Drivers/STM32H7xx_HAL_Driver/Src/stm32h7xx_hal_rcc_ex.o

.debug_line     0x0000000000000000     0xd09b
 .debug_line    0x0000000000000000      0x8a6 Core/Src/ina.o
 .debug_line    0x00000000000008a6      0x903 Core/Src/main.o
 .debug_line    0x00000000000011a9      0x857 Core/Src/stm32h7xx_hal_msp.o
 .debug_line    0x0000000000001a00      0x8b8 Core/Src/stm32h7xx_it.o
 .debug_line    0x00000000000022b8      0x9a1 Core/Src/system_stm32h7xx.o
 .debug_line    0x0000000000002c59       0x88 Core/Startup/startup_stm32h735igkx.o
 .debug_line    0x0000000000002ce1      0xe34 Drivers/STM32H7xx_HAL_Driver/Src/stm32h7xx_hal.o
 .debug_line    0x0000000000003b15      0xda9 Drivers/STM32H7xx_HAL_Driver/Src/stm32h7xx_hal_cortex.o
 .debug_line    0x00000000000048be      0xc5a Drivers/STM32H7xx_HAL_Driver/Src/stm32h7xx_hal_gpio.o
 .debug_line    0x0000000000005518     0x36f2 Drivers/STM32H7xx_HAL_Driver/Src/stm32h7xx_hal_i2c.o
 .debug_line    0x0000000000008c0a      0xa13 Drivers/STM32H7xx_HAL_Driver/Src/stm32h7xx_hal_i2c_ex.o
 .debug_line    0x000000000000961d      0xe43 Drivers/STM32H7xx_HAL_Driver/Src/stm32h7xx_hal_pwr_ex.o
 .debug_line    0x000000000000a460     0x1259 Drivers/STM32H7xx_HAL_Driver/Src/stm32h7xx_hal_rcc.o
 .debug_line    0x000000000000b6b9     0x19e2 Drivers/STM32H7xx_HAL_Driver/Src/stm32h7xx_hal_rcc_ex.o

.debug_str      0x0000000000000000   0x13d38c
 .debug_str     0x0000000000000000   0x139498 Core/Src/ina.o
                                     0x1399fa (size before relaxing)
 .debug_str     0x0000000000139498      0x529 Core/Src/main.o
                                     0x138fc4 (size before relaxing)
 .debug_str     0x00000000001399c1      0x325 Core/Src/stm32h7xx_hal_msp.o
                                     0x1390de (size before relaxing)
 .debug_str     0x0000000000139ce6       0xbd Core/Src/stm32h7xx_it.o
                                     0x1385da (size before relaxing)
 .debug_str     0x0000000000139da3      0x29c Core/Src/system_stm32h7xx.o
                                     0x138994 (size before relaxing)
 .debug_str     0x000000000013a03f       0x36 Core/Startup/startup_stm32h735igkx.o
                                         0x98 (size before relaxing)
 .debug_str     0x000000000013a075     0x1078 Drivers/STM32H7xx_HAL_Driver/Src/stm32h7xx_hal.o
                                     0x139942 (size before relaxing)
 .debug_str     0x000000000013b0ed      0x39f Drivers/STM32H7xx_HAL_Driver/Src/stm32h7xx_hal_cortex.o
                                     0x139329 (size before relaxing)
 .debug_str     0x000000000013b48c      0x204 Drivers/STM32H7xx_HAL_Driver/Src/stm32h7xx_hal_gpio.o
                                     0x138ad8 (size before relaxing)
 .debug_str     0x000000000013b690      0xd91 Drivers/STM32H7xx_HAL_Driver/Src/stm32h7xx_hal_i2c.o
                                     0x139970 (size before relaxing)
 .debug_str     0x000000000013c421       0xb8 Drivers/STM32H7xx_HAL_Driver/Src/stm32h7xx_hal_i2c_ex.o
                                     0x138e13 (size before relaxing)
 .debug_str     0x000000000013c4d9      0x5ea Drivers/STM32H7xx_HAL_Driver/Src/stm32h7xx_hal_pwr_ex.o
                                     0x138dd9 (size before relaxing)
 .debug_str     0x000000000013cac3      0x26c Drivers/STM32H7xx_HAL_Driver/Src/stm32h7xx_hal_rcc.o
                                     0x138d13 (size before relaxing)
 .debug_str     0x000000000013cd2f      0x65d Drivers/STM32H7xx_HAL_Driver/Src/stm32h7xx_hal_rcc_ex.o
                                     0x1391ef (size before relaxing)

.comment        0x0000000000000000       0x53
 .comment       0x0000000000000000       0x53 Core/Src/ina.o
                                         0x54 (size before relaxing)
 .comment       0x0000000000000053       0x54 Core/Src/main.o
 .comment       0x0000000000000053       0x54 Core/Src/stm32h7xx_hal_msp.o
 .comment       0x0000000000000053       0x54 Core/Src/stm32h7xx_it.o
 .comment       0x0000000000000053       0x54 Core/Src/system_stm32h7xx.o
 .comment       0x0000000000000053       0x54 Drivers/STM32H7xx_HAL_Driver/Src/stm32h7xx_hal.o
 .comment       0x0000000000000053       0x54 Drivers/STM32H7xx_HAL_Driver/Src/stm32h7xx_hal_cortex.o
 .comment       0x0000000000000053       0x54 Drivers/STM32H7xx_HAL_Driver/Src/stm32h7xx_hal_gpio.o
 .comment       0x0000000000000053       0x54 Drivers/STM32H7xx_HAL_Driver/Src/stm32h7xx_hal_i2c.o
 .comment       0x0000000000000053       0x54 Drivers/STM32H7xx_HAL_Driver/Src/stm32h7xx_hal_i2c_ex.o
 .comment       0x0000000000000053       0x54 Drivers/STM32H7xx_HAL_Driver/Src/stm32h7xx_hal_pwr_ex.o
 .comment       0x0000000000000053       0x54 Drivers/STM32H7xx_HAL_Driver/Src/stm32h7xx_hal_rcc.o
 .comment       0x0000000000000053       0x54 Drivers/STM32H7xx_HAL_Driver/Src/stm32h7xx_hal_rcc_ex.o

.debug_frame    0x0000000000000000     0x2890
 .debug_frame   0x0000000000000000       0x34 Core/Src/ina.o
 .debug_frame   0x0000000000000034       0xac Core/Src/main.o
 .debug_frame   0x00000000000000e0       0x84 Core/Src/stm32h7xx_hal_msp.o
 .debug_frame   0x0000000000000164      0x104 Core/Src/stm32h7xx_it.o
 .debug_frame   0x0000000000000268       0x58 Core/Src/system_stm32h7xx.o
 .debug_frame   0x00000000000002c0      0x760 Drivers/STM32H7xx_HAL_Driver/Src/stm32h7xx_hal.o
 .debug_frame   0x0000000000000a20      0x4b8 Drivers/STM32H7xx_HAL_Driver/Src/stm32h7xx_hal_cortex.o
 .debug_frame   0x0000000000000ed8      0x14c Drivers/STM32H7xx_HAL_Driver/Src/stm32h7xx_hal_gpio.o
 .debug_frame   0x0000000000001024      0xbf0 Drivers/STM32H7xx_HAL_Driver/Src/stm32h7xx_hal_i2c.o
 .debug_frame   0x0000000000001c14      0x100 Drivers/STM32H7xx_HAL_Driver/Src/stm32h7xx_hal_i2c_ex.o
 .debug_frame   0x0000000000001d14      0x540 Drivers/STM32H7xx_HAL_Driver/Src/stm32h7xx_hal_pwr_ex.o
 .debug_frame   0x0000000000002254      0x1fc Drivers/STM32H7xx_HAL_Driver/Src/stm32h7xx_hal_rcc.o
 .debug_frame   0x0000000000002450      0x3f4 Drivers/STM32H7xx_HAL_Driver/Src/stm32h7xx_hal_rcc_ex.o
 .debug_frame   0x0000000000002844       0x2c c:/st/stm32cubeide_1.6.1/stm32cubeide/plugins/com.st.stm32cube.ide.mcu.externaltools.gnu-tools-for-stm32.9-2020-q2-update.win32_1.5.0.202011040924/tools/bin/../lib/gcc/arm-none-eabi/9.3.1/../../../../arm-none-eabi/lib/thumb/v7e-m+dp/hard\libc_nano.a(lib_a-init.o)
 .debug_frame   0x0000000000002870       0x20 c:/st/stm32cubeide_1.6.1/stm32cubeide/plugins/com.st.stm32cube.ide.mcu.externaltools.gnu-tools-for-stm32.9-2020-q2-update.win32_1.5.0.202011040924/tools/bin/../lib/gcc/arm-none-eabi/9.3.1/../../../../arm-none-eabi/lib/thumb/v7e-m+dp/hard\libc_nano.a(lib_a-memset.o)
